<html>
<body>
<pre>
<h1>µVision Build Log</h1>
<h2>Tool Versions:</h2>
IDE-Version: µVision V5.33.0.0
Copyright (C) 2020 ARM Ltd and ARM Germany GmbH. All rights reserved.
License Information: berkay korkmaz, KORKMAZ HOLDING, LIC=----
 
Tool Versions:
Toolchain:       MDK-Lite  Version: 5.33.0.0
Toolchain Path:  C:\Keil_v5\ARM\ARMCC\Bin
C Compiler:      Armcc.exe V5.06 update 7 (build 960)
Assembler:       Armasm.exe V5.06 update 7 (build 960)
Linker/Locator:  ArmLink.exe V5.06 update 7 (build 960)
Library Manager: ArmAr.exe V5.06 update 7 (build 960)
Hex Converter:   FromElf.exe V5.06 update 7 (build 960)
CPU DLL:         SARMCM3.DLL V5.33.0.0
Dialog DLL:      DARMCM1.DLL V1.19.4.0
Target DLL:      STLink\ST-LINKIII-KEIL_SWO.dll V3.0.8.0
Dialog DLL:      TARMCM1.DLL V1.14.3.0
 
<h2>Project:</h2>
C:\Users\korkmaz\Desktop\Graduatýon\ssdoled\MDK-ARM\ssdoled.uvprojx
Project File Date:  05/29/2021

<h2>Output:</h2>
*** Using Compiler 'V5.06 update 7 (build 960)', folder: 'C:\Keil_v5\ARM\ARMCC\Bin'
Build target 'ssdoled'
compiling main.c...
../Inc/ssd1306.h(238): warning:  #1295-D: Deprecated declaration ssd1306_I2C_Init - give arg types
  void ssd1306_I2C_Init();
../Src/main.c(32): warning:  #188-D: enumerated type mixed with another type
  		SSD1306_Fill(0);                            // Fill color 0 is black
../Src/main.c(33): warning:  #188-D: enumerated type mixed with another type
  		SSD1306_DrawRectangle(1, 1,160,80,1);       // The frame on the OLED
../Src/main.c(35): warning:  #188-D: enumerated type mixed with another type
  		SSD1306_Puts ("VOLTAGE", &Font_7x10, 1);    // To see the voltage letter on the OLED screen
../Src/main.c(47): warning:  #188-D: enumerated type mixed with another type
  		SSD1306_Puts(str_val, &Font_11x18, 1); 
../Src/main.c: 5 warnings, 0 errors
linking...
Program Size: Code=10900 RO-data=5572 RW-data=52 ZI-data=2236  
FromELF: creating hex file...
"ssdoled\ssdoled.axf" - 0 Error(s), 5 Warning(s).

<h2>Software Packages used:</h2>

Package Vendor: ARM
                http://www.keil.com/pack/ARM.CMSIS.5.7.0.pack
                ARM.CMSIS.5.7.0
                CMSIS (Cortex Microcontroller Software Interface Standard)
   * Component: CORE Version: 5.4.0

Package Vendor: Keil
                http://www.keil.com/pack/Keil.STM32L0xx_DFP.2.1.0.pack
                Keil.STM32L0xx_DFP.2.1.0
                STMicroelectronics STM32L0 Series Device Support, Drivers and Examples

<h2>Collection of Component include folders:</h2>
  .\RTE\_ssdoled
  C:\Users\korkmaz\AppData\Local\Arm\Packs\ARM\CMSIS\5.7.0\CMSIS\Core\Include
  C:\Users\korkmaz\AppData\Local\Arm\Packs\Keil\STM32L0xx_DFP\2.1.0\Drivers\CMSIS\Device\ST\STM32L0xx\Include

<h2>Collection of Component Files used:</h2>

   * Component: ARM::CMSIS:CORE:5.4.0
      Include file:  CMSIS\Core\Include\tz_context.h
Build Time Elapsed:  00:00:02
</pre>
</body>
</html>
